../Core/Src/main.c:76:6:microDelay	16	static
../Core/Src/main.c:82:9:DHT22_Start	32	static
../Core/Src/main.c:113:9:DHT22_Read	16	static
../Core/Src/main.c:139:6:HAL_UART_RxCpltCallback	16	static
../Core/Src/main.c:149:5:main	88	static
../Core/Src/main.c:261:6:SystemClock_Config	88	static
../Core/Src/main.c:307:13:MX_TIM1_Init	32	static
../Core/Src/main.c:353:13:MX_USART1_UART_Init	8	static
../Core/Src/main.c:386:13:MX_USART2_UART_Init	8	static
../Core/Src/main.c:419:13:MX_GPIO_Init	48	static
../Core/Src/main.c:469:6:Error_Handler	4	static,ignoring_inline_asm
